{
  "type": "exdeorum:sieve",
  "ingredient": {
    "item": "minecraft:coarse_dirt"
  },
  "mesh": {
    "item": "exdeorum:golden_mesh"
  },
  "result": {
    "count": 1,
    "id": "farmersdelight:tomato_seeds"
  },
  "result_amount": {
    "type": "minecraft:binomial",
    "n": 1.0,
    "p": 0.15
  }
}
