{
  "type": "exdeorum:sieve",
  "ingredient": {
    "item": "minecraft:moss_block"
  },
  "mesh": {
    "item": "exdeorum:golden_mesh"
  },
  "result": {
    "count": 1,
    "id": "vanillabackport:pale_oak_sapling"
  },
  "result_amount": {
    "type": "minecraft:binomial",
    "n": 1.0,
    "p": 0.11
  }
}
