{
  "type": "exdeorum:sieve",
  "ingredient": {
    "item": "minecraft:sculk"
  },
  "mesh": {
    "item": "exdeorum:golden_mesh"
  },
  "result": {
    "count": 1,
    "id": "vanillabackport:resin_clump"
  },
  "result_amount": {
    "type": "minecraft:binomial",
    "n": 3.0,
    "p": 0.5
  }
}
